,,1,1,2,2,3,3,4,4,5,5,6,6,7,7,8,8,9,9,10,10,11,11,12,12,13,13,14,14,15,15,16,16,17,17,18,18,19,19,20,20,21,21,22,22,23,23,24,24,25,25,26,26,27,27,28,28,29,29,30,30,31,31,32,32,33,33,34,34,35,35,36,36,37,37,38,38,39,39,40,40,41,41,42,42,43,43,44,44,45,45,46,46,47,47,48,48,49,49,50,50,51,51,52,52,53,53,54,54,55,55,56,56,57,57,58,58,59,59,60,60,61,61,62,62,63,63,64,64,65,65,66,66,67,67,68,68,69,69,70,70,71,71,72,72,73,73,74,74,75,75,76,76,77,77,78,78,79,79,80,80,81,81,82,82,83,83,84,84,85,85,86,86,87,87,88,88,89,89,90,90,91,91,92,92,93,93,94,94,95,95,96,96,97,97,98,98,99,99,100,100,101,101,102,102,103,103,104,104,105,105,106,106,107,107,108,108,109,109,110,110,111,111,112,112,113,113,114,114,115,115,116,116,117,117,118,118,119,119,120,120,121,121,122,122,123,123,124,124,125,125,126,126,127,127,128,128,129,129,130,130,131,131,132,132,133,133,134,134,135,135,136,136,137,137,138,138,139,139,140,140,141,141,142,142,143,143,144,144,145,145,146,146,ALL ATTRIBUTES,ALL ATTRIBUTES
,null(meters),MINIMUM(meter),MAXIMUM(meter),MINIMUM(meter),MAXIMUM(meter),MINIMUM(meter),MAXIMUM(meter),MINIMUM(meter),MAXIMUM(meter),MINIMUM(meter),MAXIMUM(meter),MINIMUM(meter),MAXIMUM(meter),MINIMUM(meter),MAXIMUM(meter),MINIMUM(meter),MAXIMUM(meter),MINIMUM(meter),MAXIMUM(meter),MINIMUM(meter),MAXIMUM(meter),MINIMUM(meter),MAXIMUM(meter),MINIMUM(meter),MAXIMUM(meter),MINIMUM(meter),MAXIMUM(meter),MINIMUM(meter),MAXIMUM(meter),MINIMUM(meter),MAXIMUM(meter),MINIMUM(meter),MAXIMUM(meter),MINIMUM(meter),MAXIMUM(meter),MINIMUM(meter),MAXIMUM(meter),MINIMUM(meter),MAXIMUM(meter),MINIMUM(meter),MAXIMUM(meter),MINIMUM(meter),MAXIMUM(meter),MINIMUM(meter),MAXIMUM(meter),MINIMUM(meter),MAXIMUM(meter),MINIMUM(meter),MAXIMUM(meter),MINIMUM(meter),MAXIMUM(meter),MINIMUM(meter),MAXIMUM(meter),MINIMUM(meter),MAXIMUM(meter),MINIMUM(meter),MAXIMUM(meter),MINIMUM(meter),MAXIMUM(meter),MINIMUM(meter),MAXIMUM(meter),MINIMUM(meter),MAXIMUM(meter),MINIMUM(meter),MAXIMUM(meter),MINIMUM(meter),MAXIMUM(meter),MINIMUM(meter),MAXIMUM(meter),MINIMUM(meter),MAXIMUM(meter),MINIMUM(meter),MAXIMUM(meter),MINIMUM(meter),MAXIMUM(meter),MINIMUM(meter),MAXIMUM(meter),MINIMUM(meter),MAXIMUM(meter),MINIMUM(meter),MAXIMUM(meter),MINIMUM(meter),MAXIMUM(meter),MINIMUM(meter),MAXIMUM(meter),MINIMUM(meter),MAXIMUM(meter),MINIMUM(meter),MAXIMUM(meter),MINIMUM(meter),MAXIMUM(meter),MINIMUM(meter),MAXIMUM(meter),MINIMUM(meter),MAXIMUM(meter),MINIMUM(meter),MAXIMUM(meter),MINIMUM(meter),MAXIMUM(meter),MINIMUM(meter),MAXIMUM(meter),MINIMUM(meter),MAXIMUM(meter),MINIMUM(meter),MAXIMUM(meter),MINIMUM(meter),MAXIMUM(meter),MINIMUM(meter),MAXIMUM(meter),MINIMUM(meter),MAXIMUM(meter),MINIMUM(meter),MAXIMUM(meter),MINIMUM(meter),MAXIMUM(meter),MINIMUM(meter),MAXIMUM(meter),MINIMUM(meter),MAXIMUM(meter),MINIMUM(meter),MAXIMUM(meter),MINIMUM(meter),MAXIMUM(meter),MINIMUM(meter),MAXIMUM(meter),MINIMUM(meter),MAXIMUM(meter),MINIMUM(meter),MAXIMUM(meter),MINIMUM(meter),MAXIMUM(meter),MINIMUM(meter),MAXIMUM(meter),MINIMUM(meter),MAXIMUM(meter),MINIMUM(meter),MAXIMUM(meter),MINIMUM(meter),MAXIMUM(meter),MINIMUM(meter),MAXIMUM(meter),MINIMUM(meter),MAXIMUM(meter),MINIMUM(meter),MAXIMUM(meter),MINIMUM(meter),MAXIMUM(meter),MINIMUM(meter),MAXIMUM(meter),MINIMUM(meter),MAXIMUM(meter),MINIMUM(meter),MAXIMUM(meter),MINIMUM(meter),MAXIMUM(meter),MINIMUM(meter),MAXIMUM(meter),MINIMUM(meter),MAXIMUM(meter),MINIMUM(meter),MAXIMUM(meter),MINIMUM(meter),MAXIMUM(meter),MINIMUM(meter),MAXIMUM(meter),MINIMUM(meter),MAXIMUM(meter),MINIMUM(meter),MAXIMUM(meter),MINIMUM(meter),MAXIMUM(meter),MINIMUM(meter),MAXIMUM(meter),MINIMUM(meter),MAXIMUM(meter),MINIMUM(meter),MAXIMUM(meter),MINIMUM(meter),MAXIMUM(meter),MINIMUM(meter),MAXIMUM(meter),MINIMUM(meter),MAXIMUM(meter),MINIMUM(meter),MAXIMUM(meter),MINIMUM(meter),MAXIMUM(meter),MINIMUM(meter),MAXIMUM(meter),MINIMUM(meter),MAXIMUM(meter),MINIMUM(meter),MAXIMUM(meter),MINIMUM(meter),MAXIMUM(meter),MINIMUM(meter),MAXIMUM(meter),MINIMUM(meter),MAXIMUM(meter),MINIMUM(meter),MAXIMUM(meter),MINIMUM(meter),MAXIMUM(meter),MINIMUM(meter),MAXIMUM(meter),MINIMUM(meter),MAXIMUM(meter),MINIMUM(meter),MAXIMUM(meter),MINIMUM(meter),MAXIMUM(meter),MINIMUM(meter),MAXIMUM(meter),MINIMUM(meter),MAXIMUM(meter),MINIMUM(meter),MAXIMUM(meter),MINIMUM(meter),MAXIMUM(meter),MINIMUM(meter),MAXIMUM(meter),MINIMUM(meter),MAXIMUM(meter),MINIMUM(meter),MAXIMUM(meter),MINIMUM(meter),MAXIMUM(meter),MINIMUM(meter),MAXIMUM(meter),MINIMUM(meter),MAXIMUM(meter),MINIMUM(meter),MAXIMUM(meter),MINIMUM(meter),MAXIMUM(meter),MINIMUM(meter),MAXIMUM(meter),MINIMUM(meter),MAXIMUM(meter),MINIMUM(meter),MAXIMUM(meter),MINIMUM(meter),MAXIMUM(meter),MINIMUM(meter),MAXIMUM(meter),MINIMUM(meter),MAXIMUM(meter),MINIMUM(meter),MAXIMUM(meter),MINIMUM(meter),MAXIMUM(meter),MINIMUM(meter),MAXIMUM(meter),MINIMUM(meter),MAXIMUM(meter),MINIMUM(meter),MAXIMUM(meter),MINIMUM(meter),MAXIMUM(meter),MINIMUM(meter),MAXIMUM(meter),MINIMUM(meter),MAXIMUM(meter),MINIMUM(meter),MAXIMUM(meter),MINIMUM(meter),MAXIMUM(meter),MINIMUM(meter),MAXIMUM(meter),MINIMUM(meter),MAXIMUM(meter),MINIMUM(meter),MAXIMUM(meter),MINIMUM(meter),MAXIMUM(meter),MINIMUM(meter),MAXIMUM(meter),MINIMUM(meter),MAXIMUM(meter),MINIMUM(meter),MAXIMUM(meter),MINIMUM(meter),MAXIMUM(meter),MINIMUM(meter),MAXIMUM(meter),MINIMUM(meter),MAXIMUM(meter),MINIMUM(meter),MAXIMUM(meter),MINIMUM(meter),MAXIMUM(meter),MINIMUM(meter),MAXIMUM(meter),MINIMUM(meter),MAXIMUM(meter)
,,1318.0,1512.0,1321.0,1515.0,1275.0,1517.0,1053.0,1536.0,1251.0,1504.0,1251.0,1459.0,1355.0,1405.0,1213.0,1362.0,1120.0,1414.0,1018.0,1357.0,1256.0,1353.0,1177.0,1372.0,1051.0,1522.0,1093.0,1329.0,1206.0,1302.0,1204.0,1253.0,1164.0,1264.0,1207.0,1257.0,1156.0,1253.0,1201.0,1252.0,905.0,1296.0,1009.0,1204.0,1120.0,1216.0,1027.0,1220.0,1128.0,1276.0,828.0,1168.0,1039.0,1183.0,902.0,1185.0,1040.0,1181.0,493.0,1122.0,873.0,1115.0,1030.0,1176.0,953.0,1188.0,963.0,1111.0,1037.0,1087.0,894.0,1085.0,939.0,1082.0,932.0,1078.0,987.0,1038.0,942.0,1042.0,994.0,1043.0,889.0,1033.0,1038.0,1039.0,931.0,1031.0,967.0,1018.0,956.0,1053.0,817.0,963.0,900.0,997.0,881.0,979.0,893.0,988.0,676.0,968.0,727.0,971.0,894.0,1038.0,845.0,941.0,749.0,937.0,769.0,916.0,663.0,959.0,738.0,934.0,803.0,953.0,750.0,942.0,831.0,882.0,846.0,896.0,773.0,870.0,798.0,897.0,692.0,839.0,830.0,832.0,749.0,842.0,644.0,840.0,711.0,854.0,613.0,806.0,698.0,797.0,745.0,795.0,626.0,770.0,627.0,775.0,464.0,803.0,721.0,722.0,648.0,746.0,698.0,746.0,652.0,751.0,661.0,759.0,642.0,740.0,583.0,728.0,643.0,742.0,534.0,728.0,595.0,696.0,604.0,699.0,594.0,691.0,406.0,698.0,616.0,712.0,593.0,642.0,410.0,654.0,609.0,659.0,537.0,633.0,582.0,631.0,409.0,652.0,595.0,596.0,417.0,616.0,291.0,628.0,449.0,595.0,559.0,607.0,449.0,595.0,451.0,597.0,418.0,615.0,248.0,585.0,537.0,588.0,451.0,596.0,114.0,544.0,392.0,537.0,269.0,520.0,268.0,555.0,404.0,453.0,312.0,409.0,361.0,411.0,343.0,392.0,357.0,406.0,267.0,409.0,178.0,374.0,265.0,362.0,308.0,358.0,163.0,312.0,263.0,361.0,257.0,354.0,215.0,313.0,4.0,303.0,25.0,273.0,23.0,267.0,154.0,252.0,164.0,262.0,4.0,256.0,214.0,263.0,8.0,208.0,67.0,216.0,14.0,210.0,15.0,113.0,17.0,71.0,5.0,54.0,1201.0,1495.0,1.0,674.0,28.0,960.0,1215.0,1315.0,898.0,1090.0,937.0,1034.0,839.0,890.0,604.0,705.0,348.0,494.0,306.0,404.0,1.0,1536.0
,,2854.0,3048.0,2857.0,3051.0,2811.0,3053.0,2589.0,3072.0,2787.0,3040.0,2787.0,2995.0,2891.0,2941.0,2749.0,2898.0,2656.0,2950.0,2554.0,2893.0,2792.0,2889.0,2713.0,2908.0,2587.0,3058.0,2629.0,2865.0,2742.0,2838.0,2740.0,2789.0,2700.0,2800.0,2743.0,2793.0,2692.0,2789.0,2737.0,2788.0,2441.0,2832.0,2545.0,2740.0,2656.0,2752.0,2563.0,2756.0,2664.0,2812.0,2364.0,2704.0,2575.0,2719.0,2438.0,2721.0,2576.0,2717.0,2029.0,2658.0,2409.0,2651.0,2566.0,2712.0,2489.0,2724.0,2499.0,2647.0,2573.0,2623.0,2430.0,2621.0,2475.0,2618.0,2468.0,2614.0,2523.0,2574.0,2478.0,2578.0,2530.0,2579.0,2425.0,2569.0,2574.0,2575.0,2467.0,2567.0,2503.0,2554.0,2492.0,2589.0,2353.0,2499.0,2436.0,2533.0,2417.0,2515.0,2429.0,2524.0,2212.0,2504.0,2263.0,2507.0,2430.0,2574.0,2381.0,2477.0,2285.0,2473.0,2305.0,2452.0,2199.0,2495.0,2274.0,2470.0,2339.0,2489.0,2286.0,2478.0,2367.0,2418.0,2382.0,2432.0,2309.0,2406.0,2334.0,2433.0,2228.0,2375.0,2366.0,2368.0,2285.0,2378.0,2180.0,2376.0,2247.0,2390.0,2149.0,2342.0,2234.0,2333.0,2281.0,2331.0,2162.0,2306.0,2163.0,2311.0,2000.0,2339.0,2257.0,2258.0,2184.0,2282.0,2234.0,2282.0,2188.0,2287.0,2197.0,2295.0,2178.0,2276.0,2119.0,2264.0,2179.0,2278.0,2070.0,2264.0,2131.0,2232.0,2140.0,2235.0,2130.0,2227.0,1942.0,2234.0,2152.0,2248.0,2129.0,2178.0,1946.0,2190.0,2145.0,2195.0,2073.0,2169.0,2118.0,2167.0,1945.0,2188.0,2131.0,2132.0,1953.0,2152.0,1827.0,2164.0,1985.0,2131.0,2095.0,2143.0,1985.0,2131.0,1987.0,2133.0,1954.0,2151.0,1784.0,2121.0,2073.0,2124.0,1987.0,2132.0,1650.0,2080.0,1928.0,2073.0,1805.0,2056.0,1804.0,2091.0,1940.0,1989.0,1848.0,1945.0,1897.0,1947.0,1879.0,1928.0,1893.0,1942.0,1803.0,1945.0,1714.0,1910.0,1801.0,1898.0,1844.0,1894.0,1699.0,1848.0,1799.0,1897.0,1793.0,1890.0,1751.0,1849.0,1540.0,1839.0,1561.0,1809.0,1559.0,1803.0,1690.0,1788.0,1700.0,1798.0,1540.0,1792.0,1750.0,1799.0,1544.0,1744.0,1603.0,1752.0,1550.0,1746.0,1551.0,1649.0,1553.0,1607.0,1541.0,1590.0,2737.0,3031.0,1537.0,2210.0,1564.0,2496.0,2751.0,2851.0,2434.0,2626.0,2473.0,2570.0,2375.0,2426.0,2140.0,2241.0,1884.0,2030.0,1842.0,1940.0,1537.0,3072.0
,,4390.0,4584.0,4393.0,4587.0,4347.0,4589.0,4125.0,4608.0,4323.0,4576.0,4323.0,4531.0,4427.0,4477.0,4285.0,4434.0,4192.0,4486.0,4090.0,4429.0,4328.0,4425.0,4249.0,4444.0,4123.0,4594.0,4165.0,4401.0,4278.0,4374.0,4276.0,4325.0,4236.0,4336.0,4279.0,4329.0,4228.0,4325.0,4273.0,4324.0,3977.0,4368.0,4081.0,4276.0,4192.0,4288.0,4099.0,4292.0,4200.0,4348.0,3900.0,4240.0,4111.0,4255.0,3974.0,4257.0,4112.0,4253.0,3565.0,4194.0,3945.0,4187.0,4102.0,4248.0,4025.0,4260.0,4035.0,4183.0,4109.0,4159.0,3966.0,4157.0,4011.0,4154.0,4004.0,4150.0,4059.0,4110.0,4014.0,4114.0,4066.0,4115.0,3961.0,4105.0,4110.0,4111.0,4003.0,4103.0,4039.0,4090.0,4028.0,4125.0,3889.0,4035.0,3972.0,4069.0,3953.0,4051.0,3965.0,4060.0,3748.0,4040.0,3799.0,4043.0,3966.0,4110.0,3917.0,4013.0,3821.0,4009.0,3841.0,3988.0,3735.0,4031.0,3810.0,4006.0,3875.0,4025.0,3822.0,4014.0,3903.0,3954.0,3918.0,3968.0,3845.0,3942.0,3870.0,3969.0,3764.0,3911.0,3902.0,3904.0,3821.0,3914.0,3716.0,3912.0,3783.0,3926.0,3685.0,3878.0,3770.0,3869.0,3817.0,3867.0,3698.0,3842.0,3699.0,3847.0,3536.0,3875.0,3793.0,3794.0,3720.0,3818.0,3770.0,3818.0,3724.0,3823.0,3733.0,3831.0,3714.0,3812.0,3655.0,3800.0,3715.0,3814.0,3606.0,3800.0,3667.0,3768.0,3676.0,3771.0,3666.0,3763.0,3478.0,3770.0,3688.0,3784.0,3665.0,3714.0,3482.0,3726.0,3681.0,3731.0,3609.0,3705.0,3654.0,3703.0,3481.0,3724.0,3667.0,3668.0,3489.0,3688.0,3363.0,3700.0,3521.0,3667.0,3631.0,3679.0,3521.0,3667.0,3523.0,3669.0,3490.0,3687.0,3320.0,3657.0,3609.0,3660.0,3523.0,3668.0,3186.0,3616.0,3464.0,3609.0,3341.0,3592.0,3340.0,3627.0,3476.0,3525.0,3384.0,3481.0,3433.0,3483.0,3415.0,3464.0,3429.0,3478.0,3339.0,3481.0,3250.0,3446.0,3337.0,3434.0,3380.0,3430.0,3235.0,3384.0,3335.0,3433.0,3329.0,3426.0,3287.0,3385.0,3076.0,3375.0,3097.0,3345.0,3095.0,3339.0,3226.0,3324.0,3236.0,3334.0,3076.0,3328.0,3286.0,3335.0,3080.0,3280.0,3139.0,3288.0,3086.0,3282.0,3087.0,3185.0,3089.0,3143.0,3077.0,3126.0,4273.0,4567.0,3073.0,3746.0,3100.0,4032.0,4287.0,4387.0,3970.0,4162.0,4009.0,4106.0,3911.0,3962.0,3676.0,3777.0,3420.0,3566.0,3378.0,3476.0,3073.0,4608.0
