,1,1,2,2,3,3,4,4,5,5,6,6,7,7,8,8,9,9,10,10,11,11,12,12,13,13,14,14,15,15,16,16,17,17,18,18,19,19,20,20,21,21,22,22,23,23,24,24,25,25,26,26,27,27,28,28,29,29,30,30,31,31,32,32,33,33,34,34,35,35,36,36,37,37,38,38,39,39,40,40,41,41,42,42,43,43,44,44,45,45,46,46,47,47,48,48,49,49,50,50,51,51,52,52,53,53,54,54,55,55,56,56,57,57,58,58,59,59,60,60,61,61,62,62,63,63,64,64,65,65,66,66,67,67,68,68,69,69,70,70,71,71,72,72,73,73,74,74,75,75,76,76,77,77,78,78,79,79,80,80,81,81,82,82,83,83,84,84,85,85,86,86,87,87,88,88,89,89,90,90,91,91,92,92,93,93,94,94,95,95,96,96,97,97,98,98,99,99,100,100,101,101,102,102,103,103,104,104,105,105,106,106,107,107,108,108,109,109,110,110,111,111,112,112,113,113,114,114,115,115,116,116,117,117,118,118,119,119,120,120,121,121,122,122,123,123,124,124,125,125,126,126,127,127,128,128,129,129,130,130,131,131,132,132,133,133,134,134,135,135,136,136,137,137,138,138,139,139,140,140,141,141,142,142,143,143,144,144,145,145,146,146,ALL ATTRIBUTES,ALL ATTRIBUTES
,MINIMUM(meter),MAXIMUM(meter),MINIMUM(meter),MAXIMUM(meter),MINIMUM(meter),MAXIMUM(meter),MINIMUM(meter),MAXIMUM(meter),MINIMUM(meter),MAXIMUM(meter),MINIMUM(meter),MAXIMUM(meter),MINIMUM(meter),MAXIMUM(meter),MINIMUM(meter),MAXIMUM(meter),MINIMUM(meter),MAXIMUM(meter),MINIMUM(meter),MAXIMUM(meter),MINIMUM(meter),MAXIMUM(meter),MINIMUM(meter),MAXIMUM(meter),MINIMUM(meter),MAXIMUM(meter),MINIMUM(meter),MAXIMUM(meter),MINIMUM(meter),MAXIMUM(meter),MINIMUM(meter),MAXIMUM(meter),MINIMUM(meter),MAXIMUM(meter),MINIMUM(meter),MAXIMUM(meter),MINIMUM(meter),MAXIMUM(meter),MINIMUM(meter),MAXIMUM(meter),MINIMUM(meter),MAXIMUM(meter),MINIMUM(meter),MAXIMUM(meter),MINIMUM(meter),MAXIMUM(meter),MINIMUM(meter),MAXIMUM(meter),MINIMUM(meter),MAXIMUM(meter),MINIMUM(meter),MAXIMUM(meter),MINIMUM(meter),MAXIMUM(meter),MINIMUM(meter),MAXIMUM(meter),MINIMUM(meter),MAXIMUM(meter),MINIMUM(meter),MAXIMUM(meter),MINIMUM(meter),MAXIMUM(meter),MINIMUM(meter),MAXIMUM(meter),MINIMUM(meter),MAXIMUM(meter),MINIMUM(meter),MAXIMUM(meter),MINIMUM(meter),MAXIMUM(meter),MINIMUM(meter),MAXIMUM(meter),MINIMUM(meter),MAXIMUM(meter),MINIMUM(meter),MAXIMUM(meter),MINIMUM(meter),MAXIMUM(meter),MINIMUM(meter),MAXIMUM(meter),MINIMUM(meter),MAXIMUM(meter),MINIMUM(meter),MAXIMUM(meter),MINIMUM(meter),MAXIMUM(meter),MINIMUM(meter),MAXIMUM(meter),MINIMUM(meter),MAXIMUM(meter),MINIMUM(meter),MAXIMUM(meter),MINIMUM(meter),MAXIMUM(meter),MINIMUM(meter),MAXIMUM(meter),MINIMUM(meter),MAXIMUM(meter),MINIMUM(meter),MAXIMUM(meter),MINIMUM(meter),MAXIMUM(meter),MINIMUM(meter),MAXIMUM(meter),MINIMUM(meter),MAXIMUM(meter),MINIMUM(meter),MAXIMUM(meter),MINIMUM(meter),MAXIMUM(meter),MINIMUM(meter),MAXIMUM(meter),MINIMUM(meter),MAXIMUM(meter),MINIMUM(meter),MAXIMUM(meter),MINIMUM(meter),MAXIMUM(meter),MINIMUM(meter),MAXIMUM(meter),MINIMUM(meter),MAXIMUM(meter),MINIMUM(meter),MAXIMUM(meter),MINIMUM(meter),MAXIMUM(meter),MINIMUM(meter),MAXIMUM(meter),MINIMUM(meter),MAXIMUM(meter),MINIMUM(meter),MAXIMUM(meter),MINIMUM(meter),MAXIMUM(meter),MINIMUM(meter),MAXIMUM(meter),MINIMUM(meter),MAXIMUM(meter),MINIMUM(meter),MAXIMUM(meter),MINIMUM(meter),MAXIMUM(meter),MINIMUM(meter),MAXIMUM(meter),MINIMUM(meter),MAXIMUM(meter),MINIMUM(meter),MAXIMUM(meter),MINIMUM(meter),MAXIMUM(meter),MINIMUM(meter),MAXIMUM(meter),MINIMUM(meter),MAXIMUM(meter),MINIMUM(meter),MAXIMUM(meter),MINIMUM(meter),MAXIMUM(meter),MINIMUM(meter),MAXIMUM(meter),MINIMUM(meter),MAXIMUM(meter),MINIMUM(meter),MAXIMUM(meter),MINIMUM(meter),MAXIMUM(meter),MINIMUM(meter),MAXIMUM(meter),MINIMUM(meter),MAXIMUM(meter),MINIMUM(meter),MAXIMUM(meter),MINIMUM(meter),MAXIMUM(meter),MINIMUM(meter),MAXIMUM(meter),MINIMUM(meter),MAXIMUM(meter),MINIMUM(meter),MAXIMUM(meter),MINIMUM(meter),MAXIMUM(meter),MINIMUM(meter),MAXIMUM(meter),MINIMUM(meter),MAXIMUM(meter),MINIMUM(meter),MAXIMUM(meter),MINIMUM(meter),MAXIMUM(meter),MINIMUM(meter),MAXIMUM(meter),MINIMUM(meter),MAXIMUM(meter),MINIMUM(meter),MAXIMUM(meter),MINIMUM(meter),MAXIMUM(meter),MINIMUM(meter),MAXIMUM(meter),MINIMUM(meter),MAXIMUM(meter),MINIMUM(meter),MAXIMUM(meter),MINIMUM(meter),MAXIMUM(meter),MINIMUM(meter),MAXIMUM(meter),MINIMUM(meter),MAXIMUM(meter),MINIMUM(meter),MAXIMUM(meter),MINIMUM(meter),MAXIMUM(meter),MINIMUM(meter),MAXIMUM(meter),MINIMUM(meter),MAXIMUM(meter),MINIMUM(meter),MAXIMUM(meter),MINIMUM(meter),MAXIMUM(meter),MINIMUM(meter),MAXIMUM(meter),MINIMUM(meter),MAXIMUM(meter),MINIMUM(meter),MAXIMUM(meter),MINIMUM(meter),MAXIMUM(meter),MINIMUM(meter),MAXIMUM(meter),MINIMUM(meter),MAXIMUM(meter),MINIMUM(meter),MAXIMUM(meter),MINIMUM(meter),MAXIMUM(meter),MINIMUM(meter),MAXIMUM(meter),MINIMUM(meter),MAXIMUM(meter),MINIMUM(meter),MAXIMUM(meter),MINIMUM(meter),MAXIMUM(meter),MINIMUM(meter),MAXIMUM(meter),MINIMUM(meter),MAXIMUM(meter),MINIMUM(meter),MAXIMUM(meter),MINIMUM(meter),MAXIMUM(meter),MINIMUM(meter),MAXIMUM(meter),MINIMUM(meter),MAXIMUM(meter),MINIMUM(meter),MAXIMUM(meter),MINIMUM(meter),MAXIMUM(meter),MINIMUM(meter),MAXIMUM(meter),MINIMUM(meter),MAXIMUM(meter),MINIMUM(meter),MAXIMUM(meter),MINIMUM(meter),MAXIMUM(meter),MINIMUM(meter),MAXIMUM(meter),MINIMUM(meter),MAXIMUM(meter),MINIMUM(meter),MAXIMUM(meter),MINIMUM(meter),MAXIMUM(meter),MINIMUM(meter),MAXIMUM(meter),MINIMUM(meter),MAXIMUM(meter),MINIMUM(meter),MAXIMUM(meter),MINIMUM(meter),MAXIMUM(meter),MINIMUM(meter),MAXIMUM(meter),MINIMUM(meter),MAXIMUM(meter),MINIMUM(meter),MAXIMUM(meter),MINIMUM(meter),MAXIMUM(meter)
,1318.0,1512.0,1321.0,1515.0,1275.0,1517.0,1053.0,1536.0,1251.0,1504.0,1251.0,1459.0,1355.0,1405.0,1213.0,1362.0,1120.0,1414.0,1018.0,1357.0,1256.0,1353.0,1177.0,1372.0,1051.0,1522.0,1093.0,1329.0,1206.0,1302.0,1204.0,1253.0,1164.0,1264.0,1207.0,1257.0,1156.0,1253.0,1201.0,1252.0,905.0,1296.0,1009.0,1204.0,1120.0,1216.0,1027.0,1220.0,1128.0,1276.0,828.0,1168.0,1039.0,1183.0,902.0,1185.0,1040.0,1181.0,493.0,1122.0,873.0,1115.0,1030.0,1176.0,953.0,1188.0,963.0,1111.0,1037.0,1087.0,894.0,1085.0,939.0,1082.0,932.0,1078.0,987.0,1038.0,942.0,1042.0,994.0,1043.0,889.0,1033.0,1038.0,1039.0,931.0,1031.0,967.0,1018.0,956.0,1053.0,817.0,963.0,900.0,997.0,881.0,979.0,893.0,988.0,676.0,968.0,727.0,971.0,894.0,1038.0,845.0,941.0,749.0,937.0,769.0,916.0,663.0,959.0,738.0,934.0,803.0,953.0,750.0,942.0,831.0,882.0,846.0,896.0,773.0,870.0,798.0,897.0,692.0,839.0,830.0,832.0,749.0,842.0,644.0,840.0,711.0,854.0,613.0,806.0,698.0,797.0,745.0,795.0,626.0,770.0,627.0,775.0,464.0,803.0,721.0,722.0,648.0,746.0,698.0,746.0,652.0,751.0,661.0,759.0,642.0,740.0,583.0,728.0,643.0,742.0,534.0,728.0,595.0,696.0,604.0,699.0,594.0,691.0,406.0,698.0,616.0,712.0,593.0,642.0,410.0,654.0,609.0,659.0,537.0,633.0,582.0,631.0,409.0,652.0,595.0,596.0,417.0,616.0,291.0,628.0,449.0,595.0,559.0,607.0,449.0,595.0,451.0,597.0,418.0,615.0,248.0,585.0,537.0,588.0,451.0,596.0,114.0,544.0,392.0,537.0,269.0,520.0,268.0,555.0,404.0,453.0,312.0,409.0,361.0,411.0,343.0,392.0,357.0,406.0,267.0,409.0,178.0,374.0,265.0,362.0,308.0,358.0,163.0,312.0,263.0,361.0,257.0,354.0,215.0,313.0,4.0,303.0,25.0,273.0,23.0,267.0,154.0,252.0,164.0,262.0,4.0,256.0,214.0,263.0,8.0,208.0,67.0,216.0,14.0,210.0,15.0,113.0,17.0,71.0,5.0,54.0,1201.0,1495.0,1.0,674.0,28.0,960.0,1215.0,1315.0,898.0,1090.0,937.0,1034.0,839.0,890.0,604.0,705.0,348.0,494.0,306.0,404.0,1.0,1536.0
